{"vaping": {"home_dir": "."}, "probes": [{"output": ["whisper_avg"], "type": "std_fping", "name": "latency", "public_dns": {"hosts": [{"color": "red", "host": "8.8.8.8", "name": "Google"}, {"color": "blue", "host": "4.2.2.1", "name": "Level(3)"}, {"color": "orange", "host": "208.67.222.222", "name": "OpenDNS"}]}}], "plugins": [{"count": 10, "output": ["whisper"], "interval": "3s", "type": "fping", "name": "std_fping"}, {"name": "whisper_avg", "filename": "{source}-{host}-{field}.wsp", "field": "avg", "x_files_factor": 0.5, "sparse": false, "aggregation_method": "average", "type": "whisper", "retention": ["3s:1d"]}]}
